============================= test session starts =============================
platform win32 -- Python 3.14.0, pytest-9.0.2, pluggy-1.6.0
rootdir: C:\Users\zarro\OneDrive\Desktop\PFE\skillmatch-pro-back
configfile: pytest.ini
testpaths: app/tests
plugins: anyio-4.12.1, asyncio-1.3.0
asyncio: mode=Mode.STRICT, debug=False, asyncio_default_fixture_loop_scope=None, asyncio_default_test_loop_scope=function
collected 4 items

app\tests\test_auth_rbac.py E

=================================== ERRORS ====================================
_________________ ERROR at setup of test_auth_signup_login_me _________________

fixturedef = <FixtureDef argname='client' scope='function' baseid='app/tests'>
request = <SubRequest 'client' for <Function test_auth_signup_login_me>>

    @pytest.hookimpl(wrapper=True)
    def pytest_fixture_setup(fixturedef: FixtureDef, request) -> object | None:
        asyncio_mode = _get_asyncio_mode(request.config)
        if not _is_asyncio_fixture_function(fixturedef.func):
            if asyncio_mode == Mode.STRICT:
                # Ignore async fixtures without explicit asyncio mark in strict mode
                # This applies to pytest_trio fixtures, for example
>               return (yield)
                        ^^^^^

venv\Lib\site-packages\pytest_asyncio\plugin.py:728: 
_ _ _ _ _ _ _ _ _ _ _ _ _ _ _ _ _ _ _ _ _ _ _ _ _ _ _ _ _ _ _ _ _ _ _ _ _ _ _ _

tmp_path = WindowsPath('C:/Users/zarro/OneDrive/Desktop/PFE/skillmatch-pro-back/.pytest_tmp/test_auth_signup_login_me0')

    @pytest.fixture()
    def client(tmp_path):
        db_path = tmp_path / "test.db"
        engine = create_engine(
            f"sqlite:///{db_path}",
            connect_args={"check_same_thread": False},
        )
        TestingSessionLocal = sessionmaker(autocommit=False, autoflush=False, bind=engine)
    
        Base.metadata.create_all(bind=engine)
    
        def override_get_db():
            db = TestingSessionLocal()
            try:
                yield db
            finally:
                db.close()
    
>       app.dependency_overrides[get_db] = override_get_db
        ^^^^^^^^^^^^^^^^^^^^^^^^
E       AttributeError: module 'app' has no attribute 'dependency_overrides'

app\tests\conftest.py:41: AttributeError
============================== warnings summary ===============================
app\schemas\user.py:11
  C:\Users\zarro\OneDrive\Desktop\PFE\skillmatch-pro-back\app\schemas\user.py:11: PydanticDeprecatedSince20: Support for class-based `config` is deprecated, use ConfigDict instead. Deprecated in Pydantic V2.0 to be removed in V3.0. See Pydantic V2 Migration Guide at https://errors.pydantic.dev/2.12/migration/
    class UserResponse(BaseModel):

app\schemas\employee.py:5
  C:\Users\zarro\OneDrive\Desktop\PFE\skillmatch-pro-back\app\schemas\employee.py:5: PydanticDeprecatedSince20: Support for class-based `config` is deprecated, use ConfigDict instead. Deprecated in Pydantic V2.0 to be removed in V3.0. See Pydantic V2 Migration Guide at https://errors.pydantic.dev/2.12/migration/
    class EmployeeBase(BaseModel):

app\schemas\job.py:4
  C:\Users\zarro\OneDrive\Desktop\PFE\skillmatch-pro-back\app\schemas\job.py:4: PydanticDeprecatedSince20: Support for class-based `config` is deprecated, use ConfigDict instead. Deprecated in Pydantic V2.0 to be removed in V3.0. See Pydantic V2 Migration Guide at https://errors.pydantic.dev/2.12/migration/
    class jobBase(BaseModel):

app\schemas\job.py:27
  C:\Users\zarro\OneDrive\Desktop\PFE\skillmatch-pro-back\app\schemas\job.py:27: PydanticDeprecatedSince20: Support for class-based `config` is deprecated, use ConfigDict instead. Deprecated in Pydantic V2.0 to be removed in V3.0. See Pydantic V2 Migration Guide at https://errors.pydantic.dev/2.12/migration/
    class JobSkillRequirementOut(BaseModel):

app\schemas\skill.py:4
  C:\Users\zarro\OneDrive\Desktop\PFE\skillmatch-pro-back\app\schemas\skill.py:4: PydanticDeprecatedSince20: Support for class-based `config` is deprecated, use ConfigDict instead. Deprecated in Pydantic V2.0 to be removed in V3.0. See Pydantic V2 Migration Guide at https://errors.pydantic.dev/2.12/migration/
    class SkillBase(BaseModel):

app\schemas\skill.py:23
  C:\Users\zarro\OneDrive\Desktop\PFE\skillmatch-pro-back\app\schemas\skill.py:23: PydanticDeprecatedSince20: Support for class-based `config` is deprecated, use ConfigDict instead. Deprecated in Pydantic V2.0 to be removed in V3.0. See Pydantic V2 Migration Guide at https://errors.pydantic.dev/2.12/migration/
    class EmployeeSkillOut(BaseModel):

app\schemas\departement.py:4
  C:\Users\zarro\OneDrive\Desktop\PFE\skillmatch-pro-back\app\schemas\departement.py:4: PydanticDeprecatedSince20: Support for class-based `config` is deprecated, use ConfigDict instead. Deprecated in Pydantic V2.0 to be removed in V3.0. See Pydantic V2 Migration Guide at https://errors.pydantic.dev/2.12/migration/
    class DepartementBase(BaseModel):

-- Docs: https://docs.pytest.org/en/stable/how-to/capture-warnings.html
=========================== short test summary info ===========================
ERROR app/tests/test_auth_rbac.py::test_auth_signup_login_me - AttributeError...
!!!!!!!!!!!!!!!!!!!!!!!!!! stopping after 1 failures !!!!!!!!!!!!!!!!!!!!!!!!!!
======================== 7 warnings, 1 error in 0.29s =========================
